[zoyothemes.com/silva/html/index.html]
[backblue.gif]
[fade.gif]
[index.html]
[zoyothemes.com/silva/html/assets/images/favicon.ico]
[zoyothemes.com/silva/html/assets/css/app.min.css]
[zoyothemes.com/silva/html/assets/css/icons.min.css]
[zoyothemes.com/silva/html/assets/images/users/user-12.jpg]
[zoyothemes.com/silva/html/assets/images/users/user-2.jpg]
[zoyothemes.com/silva/html/assets/images/users/user-3.jpg]
[zoyothemes.com/silva/html/assets/images/users/user-8.jpg]
[zoyothemes.com/silva/html/assets/images/users/user-5.jpg]
[zoyothemes.com/silva/html/assets/images/users/user-6.jpg]
[zoyothemes.com/silva/html/pages-profile.html]
[zoyothemes.com/silva/html/auth-lock-screen.html]
[zoyothemes.com/silva/html/auth-logout.html]
[zoyothemes.com/silva/html/assets/images/logo-sm.png]
[zoyothemes.com/silva/html/assets/images/logo-light.png]
[zoyothemes.com/silva/html/assets/images/logo-dark.png]
[zoyothemes.com/silva/html/analytics.html]
[zoyothemes.com/silva/html/ecommerce.html]
[zoyothemes.com/silva/html/auth-login.html]
[zoyothemes.com/silva/html/auth-register.html]
[zoyothemes.com/silva/html/auth-recoverpw.html]
[zoyothemes.com/silva/html/auth-confirm-mail.html]
[zoyothemes.com/silva/html/email-verification.html]
[zoyothemes.com/silva/html/error-404.html]
[zoyothemes.com/silva/html/error-500.html]
[zoyothemes.com/silva/html/error-503.html]
[zoyothemes.com/silva/html/error-429.html]
[zoyothemes.com/silva/html/offline-page.html]
[zoyothemes.com/silva/html/pages-starter.html]
[zoyothemes.com/silva/html/pages-pricing.html]
[zoyothemes.com/silva/html/pages-timeline.html]
[zoyothemes.com/silva/html/pages-invoice.html]
[zoyothemes.com/silva/html/pages-faqs.html]
[zoyothemes.com/silva/html/pages-gallery.html]
[zoyothemes.com/silva/html/pages-maintenance.html]
[zoyothemes.com/silva/html/pages-coming-soon.html]
[zoyothemes.com/silva/html/apps-todolist.html]
[zoyothemes.com/silva/html/apps-contacts.html]
[zoyothemes.com/silva/html/apps-calendar.html]
[zoyothemes.com/silva/html/ui-accordions.html]
[zoyothemes.com/silva/html/ui-alerts.html]
[zoyothemes.com/silva/html/ui-badges.html]
[zoyothemes.com/silva/html/ui-breadcrumb.html]
[zoyothemes.com/silva/html/ui-buttons.html]
[zoyothemes.com/silva/html/ui-cards.html]
[zoyothemes.com/silva/html/ui-collapse.html]
[zoyothemes.com/silva/html/ui-dropdowns.html]
[zoyothemes.com/silva/html/ui-video.html]
[zoyothemes.com/silva/html/ui-grid.html]
[zoyothemes.com/silva/html/ui-images.html]
[zoyothemes.com/silva/html/ui-list.html]
[zoyothemes.com/silva/html/ui-modals.html]
[zoyothemes.com/silva/html/ui-placeholders.html]
[zoyothemes.com/silva/html/ui-pagination.html]
[zoyothemes.com/silva/html/ui-popovers.html]
[zoyothemes.com/silva/html/ui-progress.html]
[zoyothemes.com/silva/html/ui-scrollspy.html]
[zoyothemes.com/silva/html/ui-spinners.html]
[zoyothemes.com/silva/html/ui-tabs.html]
[zoyothemes.com/silva/html/ui-tooltips.html]
[zoyothemes.com/silva/html/ui-typography.html]
[zoyothemes.com/silva/html/widgets.html]
[zoyothemes.com/silva/html/extended-carousel.html]
[zoyothemes.com/silva/html/extended-notifications.html]
[zoyothemes.com/silva/html/extended-offcanvas.html]
[zoyothemes.com/silva/html/extended-range-slider.html]
[zoyothemes.com/silva/html/icons-feather.html]
[zoyothemes.com/silva/html/icons-mdi.html]
[zoyothemes.com/silva/html/forms-elements.html]
[zoyothemes.com/silva/html/forms-validation.html]
[zoyothemes.com/silva/html/forms-quilljs.html]
[zoyothemes.com/silva/html/forms-pickers.html]
[zoyothemes.com/silva/html/tables-basic.html]
[zoyothemes.com/silva/html/tables-datatables.html]
[zoyothemes.com/silva/html/charts-line.html]
[zoyothemes.com/silva/html/charts-area.html]
[zoyothemes.com/silva/html/charts-column.html]
[zoyothemes.com/silva/html/charts-bar.html]
[zoyothemes.com/silva/html/charts-mixed.html]
[zoyothemes.com/silva/html/charts-timeline.html]
[zoyothemes.com/silva/html/charts-rangearea.html]
[zoyothemes.com/silva/html/charts-funnel.html]
[zoyothemes.com/silva/html/charts-candlestick.html]
[zoyothemes.com/silva/html/charts-boxplot.html]
[zoyothemes.com/silva/html/charts-bubble.html]
[zoyothemes.com/silva/html/charts-scatter.html]
[zoyothemes.com/silva/html/charts-heatmap.html]
[zoyothemes.com/silva/html/charts-treemap.html]
[zoyothemes.com/silva/html/charts-pie.html]
[zoyothemes.com/silva/html/charts-radialbar.html]
[zoyothemes.com/silva/html/charts-radar.html]
[zoyothemes.com/silva/html/charts-polararea.html]
[zoyothemes.com/silva/html/maps-google.html]
[zoyothemes.com/silva/html/maps-vector.html]
[zoyothemes.com/silva/html/assets/images/users/user-11.jpg]
[zoyothemes.com/silva/html/assets/images/users/user-13.jpg]
[zoyothemes.com/silva/html/assets/images/users/user-14.jpg]
[zoyothemes.com/silva/html/assets/images/users/user-15.jpg]
[zoyothemes.com/silva/html/assets/libs/jquery/jquery.min.js]
[zoyothemes.com/silva/html/assets/libs/bootstrap/js/bootstrap.bundle.min.js]
[zoyothemes.com/silva/html/assets/libs/simplebar/simplebar.min.js]
[zoyothemes.com/silva/html/assets/libs/node-waves/waves.min.js]
[zoyothemes.com/silva/html/assets/libs/waypoints/lib/jquery.waypoints.min.js]
[zoyothemes.com/silva/html/assets/libs/jquery.counterup/jquery.counterup.min.js]
[zoyothemes.com/silva/html/assets/libs/feather-icons/feather.min.js]
[zoyothemes.com/silva/html/assets/libs/apexcharts/apexcharts.min.js]
[apexcharts.com/samples/assets/stock-prices.js]
[zoyothemes.com/silva/html/assets/js/pages/crm-dashboard.init.js]
[zoyothemes.com/silva/html/index.html]
[zoyothemes.com/silva/html/assets/js/app.js]
[zoyothemes.com/silva/html/assets/images/svg/card-bg.svg]
[zoyothemes.com/silva/html/assets/images/small/bg-faqs.png]
[zoyothemes.com/silva/html/assets/images/svg/shape.6e.delayed]
[zoyothemes.com/silva/html/assets/images/landing/bg-pattern.svg]
[zoyothemes.com/silva/html/assets/images/bg-profile.70.delayed]
[zoyothemes.com/silva/html/assets/css/app.min.css]
[zoyothemes.com/silva/html/assets/fonts/materialdesignicons-webfont6937.eot]
[zoyothemes.com/silva/html/assets/fonts/materialdesignicons-webfontd41d.eot]
[zoyothemes.com/silva/html/assets/fonts/materialdesignicons-webfont6937.woff2]
[zoyothemes.com/silva/html/assets/fonts/materialdesignicons-webfont6937.woff]
[zoyothemes.com/silva/html/assets/fonts/materialdesignicons-webfont6937.ttf]
[zoyothemes.com/silva/html/assets/css/icons.min.css]
[zoyothemes.com/silva/html/assets/images/small/user-image.jpg]
[zoyothemes.com/silva/html/assets/images/users/user-9.jpg]
[zoyothemes.com/silva/html/assets/images/users/user-4.jpg]
[zoyothemes.com/silva/html/pages-profile.html]
[zoyothemes.com/silva/html/auth-lock-screen.html]
[zoyothemes.com/silva/html/auth-logout.html]
[zoyothemes.com/silva/html/assets/images/svg/logout.svg]
[zoyothemes.com/silva/html/analytics.html]
[zoyothemes.com/silva/html/assets/js/pages/analytics-dashboard.init.js]
[zoyothemes.com/silva/html/assets/images/products/bag.png]
[zoyothemes.com/silva/html/assets/images/products/watch.png]
[zoyothemes.com/silva/html/assets/images/products/headphone.png]
[zoyothemes.com/silva/html/assets/images/products/leather-jacket.png]
[zoyothemes.com/silva/html/assets/images/products/shoes.png]
[zoyothemes.com/silva/html/ecommerce.html]
[zoyothemes.com/silva/html/auth-login.html]
[zoyothemes.com/silva/html/auth-register.html]
[zoyothemes.com/silva/html/auth-recoverpw.html]
[zoyothemes.com/silva/html/assets/js/pages/ecommerce-dashboard.init.js]
[zoyothemes.com/silva/html/auth-confirm-mail.html]
[zoyothemes.com/silva/html/email-verification.html]
[zoyothemes.com/silva/html/assets/images/svg/confirmation-email.svg]
[zoyothemes.com/silva/html/error-404.html]
[zoyothemes.com/silva/html/assets/images/svg/404-error.svg]
[zoyothemes.com/silva/html/error-500.html]
[zoyothemes.com/silva/html/assets/images/svg/500-error.svg]
[zoyothemes.com/silva/html/error-503.html]
[zoyothemes.com/silva/html/assets/images/svg/503-error.svg]
[zoyothemes.com/silva/html/error-429.html]
[zoyothemes.com/silva/html/assets/images/svg/429-error.svg]
[zoyothemes.com/silva/html/offline-page.html]
[zoyothemes.com/silva/html/pages-starter.html]
[zoyothemes.com/silva/html/pages-pricing.html]
[zoyothemes.com/silva/html/pages-timeline.html]
[zoyothemes.com/silva/html/pages-invoice.html]
[zoyothemes.com/silva/html/pages-faqs.html]
[zoyothemes.com/silva/html/assets/images/svg/offline.svg]
[zoyothemes.com/silva/html/assets/libs/glightbox/css/glightbox.min.css]
[zoyothemes.com/silva/html/assets/images/gallery/1.jpg]
[zoyothemes.com/silva/html/assets/images/gallery/2.jpg]
[zoyothemes.com/silva/html/assets/images/gallery/3.jpg]
[zoyothemes.com/silva/html/assets/images/gallery/4.jpg]
[zoyothemes.com/silva/html/assets/images/gallery/5.jpg]
[zoyothemes.com/silva/html/assets/images/gallery/6.jpg]
[zoyothemes.com/silva/html/assets/images/gallery/7.jpg]
[zoyothemes.com/silva/html/assets/images/gallery/8.jpg]
[zoyothemes.com/silva/html/assets/images/auth-images.svg]
[zoyothemes.com/silva/html/assets/images/gallery/9.jpg]
[zoyothemes.com/silva/html/assets/images/gallery/10.png]
[zoyothemes.com/silva/html/assets/images/gallery/11.png]
[zoyothemes.com/silva/html/assets/images/gallery/12.png]
[zoyothemes.com/silva/html/assets/libs/glightbox/js/glightbox.min.js]
[zoyothemes.com/silva/html/assets/js/pages/glightbox.init.js]
[zoyothemes.com/silva/html/pages-gallery.html]
[zoyothemes.com/silva/html/pages-maintenance.html]
[zoyothemes.com/silva/html/assets/images/svg/maintenance-1.svg]
[zoyothemes.com/silva/html/assets/images/svg/coming-soon.svg]
[zoyothemes.com/silva/html/assets/libs/jquery-countdown/jquery.countdown.min.js]
[zoyothemes.com/silva/html/pages-coming-soon.html]
[zoyothemes.com/silva/html/assets/js/pages/coming-soon.init.js]
[zoyothemes.com/silva/html/assets/libs/simple-datatables/style.css]
[zoyothemes.com/silva/html/assets/images/users/user.jpg]
[zoyothemes.com/silva/html/assets/images/users/user-10.jpg]
[zoyothemes.com/silva/html/assets/libs/simple-datatables/umd/simple-datatables.js]
[zoyothemes.com/silva/html/assets/js/pages/simple-datatables.init.js]
[zoyothemes.com/silva/html/apps-todolist.html]
[zoyothemes.com/silva/html/assets/images/users/profile.jpg]
[zoyothemes.com/silva/html/assets/images/users/user-7.jpg]
[zoyothemes.com/silva/html/apps-contacts.html]
[zoyothemes.com/silva/html/assets/libs/fullcalendar/index.global.min.js]
[zoyothemes.com/silva/html/assets/js/pages/demo.calendar.js]
[zoyothemes.com/silva/html/apps-calendar.html]
[zoyothemes.com/silva/html/ui-accordions.html]
[zoyothemes.com/silva/html/ui-alerts.html]
[zoyothemes.com/silva/html/ui-badges.html]
[zoyothemes.com/silva/html/ui-breadcrumb.html]
[zoyothemes.com/silva/html/ui-buttons.html]
[zoyothemes.com/silva/html/assets/images/small/img-1.jpg]
[zoyothemes.com/silva/html/assets/images/small/img-2.jpg]
[zoyothemes.com/silva/html/assets/images/small/img-3.jpg]
[zoyothemes.com/silva/html/assets/images/small/img-4.jpg]
[zoyothemes.com/silva/html/assets/images/small/img-5.jpg]
[zoyothemes.com/silva/html/assets/images/small/img-7.jpg]
[zoyothemes.com/silva/html/assets/images/small/img-6.jpg]
[zoyothemes.com/silva/html/assets/images/small/img-8.jpg]
[zoyothemes.com/silva/html/assets/images/small/img-9.jpg]
[zoyothemes.com/silva/html/ui-cards.html]
[zoyothemes.com/silva/html/ui-collapse.html]
[zoyothemes.com/silva/html/ui-dropdowns.html]
[zoyothemes.com/silva/html/ui-video.html]
[zoyothemes.com/silva/html/ui-grid.html]
[zoyothemes.com/silva/html/assets/images/small/responsive.jpg]
[zoyothemes.com/silva/html/ui-images.html]
[zoyothemes.com/silva/html/ui-list.html]
[zoyothemes.com/silva/html/ui-modals.html]
[zoyothemes.com/silva/html/ui-placeholders.html]
[zoyothemes.com/silva/html/ui-pagination.html]
[zoyothemes.com/silva/html/ui-popovers.html]
[zoyothemes.com/silva/html/ui-progress.html]
[zoyothemes.com/silva/html/ui-scrollspy.html]
[zoyothemes.com/silva/html/ui-spinners.html]
[zoyothemes.com/silva/html/ui-tabs.html]
[zoyothemes.com/silva/html/ui-tooltips.html]
[zoyothemes.com/silva/html/ui-typography.html]
[zoyothemes.com/silva/html/widgets.html]
[zoyothemes.com/silva/html/extended-carousel.html]
[zoyothemes.com/silva/html/extended-notifications.html]
[zoyothemes.com/silva/html/extended-offcanvas.html]
[zoyothemes.com/silva/html/extended-range-slider.html]
[zoyothemes.com/silva/html/icons-feather.html]
[zoyothemes.com/silva/html/icons-mdi.html]
[zoyothemes.com/silva/html/forms-elements.html]
[zoyothemes.com/silva/html/forms-validation.html]
[zoyothemes.com/silva/html/assets/libs/quill/quill.snow.css]
[zoyothemes.com/silva/html/assets/libs/quill/quill.core.js]
[zoyothemes.com/silva/html/assets/libs/quill/quill.bubble.css]
[zoyothemes.com/silva/html/assets/libs/quill/quill.min.js]
[zoyothemes.com/silva/html/assets/js/pages/quilljs.init.js]
[zoyothemes.com/silva/html/forms-quilljs.html]
[zoyothemes.com/silva/html/assets/libs/flatpickr/flatpickr.min.css]
[zoyothemes.com/silva/html/assets/libs/flatpickr/flatpickr.min.js]
[zoyothemes.com/silva/html/assets/js/pages/form-picker.js]
[zoyothemes.com/silva/html/forms-pickers.html]
[zoyothemes.com/silva/html/tables-basic.html]
[zoyothemes.com/silva/html/assets/libs/datatables.net-bs5/css/dataTables.bootstrap5.min.css]
[zoyothemes.com/silva/html/assets/libs/datatables.net-buttons-bs5/css/buttons.bootstrap5.min.css]
[zoyothemes.com/silva/html/assets/libs/datatables.net-responsive-bs5/css/responsive.bootstrap5.min.css]
[zoyothemes.com/silva/html/assets/libs/datatables.net-select-bs5/css/select.bootstrap5.min.css]
[zoyothemes.com/silva/html/assets/libs/datatables.net/js/jquery.dataTables.min.js]
[zoyothemes.com/silva/html/assets/libs/datatables.net-bs5/js/dataTables.bootstrap5.min.js]
[zoyothemes.com/silva/html/assets/libs/datatables.net-buttons/js/dataTables.buttons.min.js]
[zoyothemes.com/silva/html/assets/libs/datatables.net-buttons/js/buttons.colVis.min.js]
[zoyothemes.com/silva/html/assets/libs/datatables.net-buttons/js/buttons.flash.min.js]
[zoyothemes.com/silva/html/assets/libs/datatables.net-buttons/js/buttons.html5.min.js]
[zoyothemes.com/silva/html/assets/libs/datatables.net-buttons/js/buttons.print.min.js]
[zoyothemes.com/silva/html/assets/libs/datatables.net-buttons-bs5/js/buttons.bootstrap5.min.js]
[zoyothemes.com/silva/html/assets/libs/datatables.net-keytable/js/dataTables.keyTable.min.js]
[zoyothemes.com/silva/html/assets/libs/datatables.net-keytable-bs5/js/keyTable.bootstrap5.min.js]
[zoyothemes.com/silva/html/assets/libs/datatables.net-responsive/js/dataTables.responsive.min.js]
[zoyothemes.com/silva/html/assets/libs/datatables.net-responsive-bs5/js/responsive.bootstrap5.min.js]
[zoyothemes.com/silva/html/assets/libs/datatables.net-select/js/dataTables.select.min.js]
[zoyothemes.com/silva/html/assets/libs/datatables.net-select-bs5/js/select.bootstrap5.min.js]
[zoyothemes.com/silva/html/assets/js/pages/datatable.init.js]
[zoyothemes.com/silva/html/tables-datatables.html]
[zoyothemes.com/silva/html/charts-line.html]
[zoyothemes.com/silva/html/assets/js/pages/apexcharts-line.init.js]
[apexcharts.com/samples/assets/github-data.js]
[apexcharts.com/samples/assets/irregular-data-series.js]
[zoyothemes.com/silva/html/assets/libs/moment/min/moment.min.js]
[zoyothemes.com/silva/html/charts-area.html]
[zoyothemes.com/silva/html/assets/js/pages/apexcharts-area.init.js]
[zoyothemes.com/silva/html/charts-column.html]
[zoyothemes.com/silva/html/assets/js/pages/apexcharts-column.init.js]
[zoyothemes.com/silva/html/charts-bar.html]
[zoyothemes.com/silva/html/assets/js/pages/apexcharts-bar.init.js]
[zoyothemes.com/silva/html/charts-mixed.html]
[zoyothemes.com/silva/html/assets/js/pages/apexcharts-mixed.init.js]
[zoyothemes.com/silva/html/charts-timeline.html]
[zoyothemes.com/silva/html/assets/js/pages/apexcharts-timeline.init.js]
[apexcharts.com/samples/assets/ohlc.js]
[zoyothemes.com/silva/html/charts-rangearea.html]
[zoyothemes.com/silva/html/assets/js/pages/apexcharts-range-area.init.js]
[zoyothemes.com/silva/html/assets/js/pages/apexcharts-funnel.init.js]
[zoyothemes.com/silva/html/charts-funnel.html]
[zoyothemes.com/silva/html/charts-candlestick.html]
[zoyothemes.com/silva/html/assets/js/pages/apexcharts-candlestick.init.js]
[zoyothemes.com/silva/html/assets/js/pages/apexcharts-boxplot.init.js]
[zoyothemes.com/silva/html/charts-boxplot.html]
[zoyothemes.com/silva/html/assets/js/pages/apexcharts-bubble.init.js]
[zoyothemes.com/silva/html/charts-bubble.html]
[zoyothemes.com/silva/html/charts-scatter.html]
[zoyothemes.com/silva/html/assets/js/pages/apexcharts-scatter.init.js]
[zoyothemes.com/silva/html/charts-heatmap.html]
[zoyothemes.com/silva/html/assets/js/pages/apexcharts-heatmap.init.js]
[zoyothemes.com/silva/html/charts-treemap.html]
[zoyothemes.com/silva/html/assets/js/pages/apexcharts-treemap.init.js]
[zoyothemes.com/silva/html/charts-pie.html]
[zoyothemes.com/silva/html/assets/js/pages/apexcharts-pie.init.js]
[zoyothemes.com/silva/html/charts-radialbar.html]
[zoyothemes.com/silva/html/assets/js/pages/apexcharts-radialbar.init.js]
[zoyothemes.com/silva/html/assets/js/pages/apexcharts-radar.init.js]
[zoyothemes.com/silva/html/charts-radar.html]
[zoyothemes.com/silva/html/assets/js/pages/apexcharts-polararea.init.js]
[zoyothemes.com/silva/html/charts-polararea.html]
[zoyothemes.com/silva/html/assets/libs/gmaps/gmaps.min.js]
[zoyothemes.com/silva/html/maps-google.html]
[zoyothemes.com/silva/html/assets/js/pages/google-maps-init.js]
[zoyothemes.com/silva/html/assets/libs/jsvectormap/css/jsvectormap.min.css]
[zoyothemes.com/silva/html/assets/libs/jsvectormap/js/jsvectormap.min.js]
[zoyothemes.com/silva/html/assets/libs/jsvectormap/maps/world-merc.js]
[zoyothemes.com/silva/html/assets/js/pages/us-merc-en-map.js]
[zoyothemes.com/silva/html/assets/js/pages/us-lcc-en-map.js]
[zoyothemes.com/silva/html/assets/js/pages/us-mill-en-map.js]
[zoyothemes.com/silva/html/assets/js/pages/spain-map.js]
[zoyothemes.com/silva/html/assets/js/pages/russia-map.js]
[zoyothemes.com/silva/html/assets/js/pages/canada-map.js]
[zoyothemes.com/silva/html/assets/js/pages/iraq-map.js]
[zoyothemes.com/silva/html/maps-vector.html]
[zoyothemes.com/silva/html/assets/images/svg/card-bg.svg]
[zoyothemes.com/silva/html/assets/images/svg/shape.html]
[zoyothemes.com/silva/html/assets/images/landing/bg-pattern.svg]
[zoyothemes.com/silva/html/assets/images/bg-profile.html]
[zoyothemes.com/silva/html/assets/js/pages/vector-maps.init.js]
[zoyothemes.com/silva/html/assets/images/auth-images.svg]
[zoyothemes.com/silva/html/assets/images/svg/logout.svg]
[zoyothemes.com/silva/html/assets/images/svg/confirmation-email.svg]
[zoyothemes.com/silva/html/assets/images/svg/404-error.svg]
[zoyothemes.com/silva/html/assets/images/svg/500-error.svg]
[zoyothemes.com/silva/html/assets/images/svg/503-error.svg]
[zoyothemes.com/silva/html/assets/images/svg/429-error.svg]
[zoyothemes.com/silva/html/assets/images/svg/offline.svg]
[zoyothemes.com/silva/html/assets/libs/glightbox/css/glightbox.min.css]
[zoyothemes.com/silva/html/assets/images/svg/maintenance-1.svg]
[zoyothemes.com/silva/html/assets/images/svg/coming-soon.svg]
[zoyothemes.com/silva/html/assets/libs/simple-datatables/style.css]
[zoyothemes.com/silva/html/assets/libs/quill/quill.snow.css]
[zoyothemes.com/silva/html/assets/libs/quill/quill.bubble.css]
[zoyothemes.com/silva/html/assets/libs/flatpickr/flatpickr.min.css]
[zoyothemes.com/silva/html/assets/js/pages/widgets.init.js]
[datatables.net/examples/resources/details_open.png]
[datatables.net/examples/resources/details_close.png]
[zoyothemes.com/silva/html/assets/libs/datatables.net-bs5/css/dataTables.bootstrap5.min.css]
[zoyothemes.com/silva/html/assets/libs/datatables.net-buttons-bs5/css/buttons.bootstrap5.min.css]
[zoyothemes.com/silva/html/assets/libs/datatables.net-keytable-bs5/css/keyTable.bootstrap5.min.css]
[zoyothemes.com/silva/html/assets/libs/datatables.net-responsive-bs5/css/responsive.bootstrap5.min.css]
[zoyothemes.com/silva/html/assets/libs/datatables.net-select-bs5/css/select.bootstrap5.min.css]
[zoyothemes.com/silva/html/assets/libs/jsvectormap/css/jsvectormap.min.css]
